[acesso-pac.spa/entrega/home.html]
[backblue.gif]
[fade.gif]
[index.html]
[acesso-pac.spa/entrega/js/7333877b3b305062.css]
[acesso-pac.spa/entrega/js/webpack-d0ceac4fb78a3613.js]
[acesso-pac.spa/entrega/js/fd9d1056-2821b0f0cabcd8bd.js]
[acesso-pac.spa/entrega/js/23-55513588e2bf9c3d.js]
[acesso-pac.spa/entrega/js/main-app-846a0768ec76bb39.js]
[acesso-pac.spa/entrega/js/layout-88dba03b2b2b1a23.js]
[acesso-pac.spa/entrega/js/173-da0bb52ea0fc8a67.js]
[acesso-pac.spa/entrega/js/page-f0327d1d738300a6.js]
[acesso-pac.spa/entrega/js/polyfills-78c92fac7aa8fdd8.js]
[acesso-pac.spa/entrega/js/image]
[acesso-pac.spa/entrega/POST]
[acesso-pac.spa/entrega/get_nome.html]
[acesso-pac.spa/entrega/rastreamentobf8c.html]
[acesso-pac.spa/entrega/home.html]
[acesso-pac.spa/entrega/js/7333877b3b305062.css]
[acesso-pac.spa/entrega/js/css2.html]
[acesso-pac.spa/entrega/js/css2(1).html]
[acesso-pac.spa/entrega/js/image.html]
[acesso-pac.spa/entrega/js/bd.js]
[acesso-pac.spa/entrega/devtools=opened; path=/index.html]
[acesso-pac.spa/entrega/devtools=opened; path=/index.html]
[acesso-pac.spa/entrega/POST.html]
[acesso-pac.spa/entrega/get_nome.html]
[acesso-pac.spa/entrega/img/tc.js.download]
[acesso-pac.spa/entrega/img/saved_resource(1)]
[acesso-pac.spa/entrega/img/ruxitagentjs_ICA27NVfgqrux_10281231207105659.js.download]
[acesso-pac.spa/entrega/img/animate.min.css]
[acesso-pac.spa/entrega/img/font-awesome.min.css]
[acesso-pac.spa/entrega/img/bootstrap.min.css]
[acesso-pac.spa/entrega/img/favi-ect.png]
[acesso-pac.spa/entrega/img/bunker.css]
[acesso-pac.spa/entrega/img/global.css]
[code.jquery.com/jquery-3.6.0.min.js]
[acesso-pac.spa/entrega/img/font-awesome.min.css'_    _link rel=]
[acesso-pac.spa/entrega/img/rastroMulti.css]
[acesso-pac.spa/entrega/img/contrast.css]
[acesso-pac.spa/entrega/img/index.css]
[acesso-pac.spa/entrega/index9e40.css]
[acesso-pac.spa/entrega/img/style.css]
[acesso-pac.spa/entrega/img/saved_resource(2)]
[acesso-pac.spa/entrega/img/c.js.download]
[acesso-pac.spa/entrega/img/correios-sf.png]
[acesso-pac.spa/entrega/img/agencia-cor.png]
[acesso-pac.spa/entrega/img/brazil.png]
[acesso-pac.spa/entrega/img/caminhao-cor.png]
[acesso-pac.spa/entrega/img/correios_celular_1.png]
[acesso-pac.spa/entrega/img/monitor.png]
[acesso-pac.spa/entrega/img/duvida.png]
[acesso-pac.spa/entrega/img/negocios.png]
[acesso-pac.spa/entrega/img/headset.png]
[acesso-pac.spa/entrega/img/ouvidoria.png]
[acesso-pac.spa/entrega/img/denuncia.png]
[acesso-pac.spa/entrega/img/identidade.png]
[acesso-pac.spa/entrega/img/educação.png]
[acesso-pac.spa/entrega/img/código ética.png]
[acesso-pac.spa/entrega/img/Transparência.png]
[acesso-pac.spa/entrega/img/cadeado.png]
[acesso-pac.spa/entrega/img/loja correios.png]
[acesso-pac.spa/entrega/img/two.js.download]
[acesso-pac.spa/entrega/img/saved_resource(3)]
[acesso-pac.spa/entrega/rastreamentobf8c.html]
[acesso-pac.spa/entrega/img/css2.html]
[acesso-pac.spa/entrega/img/v2.html]
[acesso-pac.spa/entrega/img/saved_resource.html]
[acesso-pac.spa/entrega/img/saved_resource(1).html]
[acesso-pac.spa/entrega/img/ruxitagentjs_ICA27NVfgqrux_10281231207105659.js.html]
[acesso-pac.spa/entrega/img/animate.min.css]
[acesso-pac.spa/entrega/img/saved_resource-2.html]
[acesso-pac.spa/entrega/fonts/fontawesome-webfont3e6e.eot]
[acesso-pac.spa/entrega/fonts/fontawesome-webfontd41d.eot]
[acesso-pac.spa/entrega/fonts/fontawesome-webfont3e6e.woff2]
[acesso-pac.spa/entrega/fonts/fontawesome-webfont3e6e.woff]
[acesso-pac.spa/entrega/fonts/fontawesome-webfont3e6e.ttf]
[acesso-pac.spa/entrega/fonts/fontawesome-webfont3e6e.svg]
[acesso-pac.spa/entrega/img/font-awesome.min.css]
[acesso-pac.spa/entrega/img/bootstrap.min.css]
[rastreamento.correios.com.br/static/css/reset.min9e40.css]
[acesso-pac.spa/entrega/img/cores.css]
[acesso-pac.spa/entrega/img/menuc81e.css]
[acesso-pac.spa/entrega/img/acessibilidadec81e.css]
[acesso-pac.spa/entrega/img/footerc81e.css]
[acesso-pac.spa/entrega/img/formsc81e.css]
[acesso-pac.spa/entrega/img/botoesc81e.css]
[acesso-pac.spa/entrega/img/modalc81e.css]
[acesso-pac.spa/entrega/img/alertac81e.css]
[acesso-pac.spa/entrega/img/tabs-antonio.css]
[acesso-pac.spa/entrega/img/tabelasc81e.css]
[acesso-pac.spa/entrega/img/tabelas-bunker.css]
[acesso-pac.spa/entrega/img/suggest.css]
[acesso-pac.spa/entrega/img/arrow-right-black.svg]
[acesso-pac.spa/entrega/img/loading-dark.svg]
[acesso-pac.spa/entrega/img/bunker.css]
[acesso-pac.spa/entrega/img/global.css]
[rastreamento.correios.com.br/core/templates/bunker/css/bunker9e40.css]
[acesso-pac.spa/entrega/img/font-awesome.min.html]
[acesso-pac.spa/entrega/img/rastroMulti.html]
[acesso-pac.spa/entrega/img/contrast.html]
[acesso-pac.spa/entrega/img/index.html]
[acesso-pac.spa/entrega/index9e40.html]
[rastreamento-correiosbr.com/cores.5d.delayed]
[rastreamento-correiosbr.com/menuc81e.css]
[rastreamento-correiosbr.com/acessibilidadec81e.css]
[rastreamento-correiosbr.com/footerc81e.css]
[rastreamento-correiosbr.com/formsc81e.css]
[rastreamento-correiosbr.com/botoesc81e.css]
[rastreamento-correiosbr.com/modalc81e.css]
[rastreamento-correiosbr.com/alertac81e.css]
[rastreamento-correiosbr.com/tabs-antonio.css]
[rastreamento-correiosbr.com/tabelasc81e.css]
[rastreamento-correiosbr.com/tabelas-bunker.css]
[rastreamento-correiosbr.com/suggest.css]
[acesso-pac.spa/entrega/img/style.css]
[acesso-pac.spa/entrega/img/saved_resource(2).html]
[acesso-pac.spa/entrega/img/saved_resource(3).html]
[acesso-pac.spa/entrega/img/saved_resource-2.html]
[acesso-pac.spa/entrega/fonts/fontawesome-webfont3e6e.html]
[acesso-pac.spa/entrega/fonts/fontawesome-webfontd41d.html]
[acesso-pac.spa/entrega/fonts/fontawesome-webfont3e6e-2.html]
[acesso-pac.spa/entrega/fonts/fontawesome-webfont3e6e-3.html]
[acesso-pac.spa/entrega/fonts/fontawesome-webfont3e6e-4.html]
[acesso-pac.spa/entrega/fonts/fontawesome-webfont3e6e-5.html]
[acesso-pac.spa/entrega/img/cores.html]
[acesso-pac.spa/entrega/img/menuc81e.html]
[acesso-pac.spa/entrega/img/acessibilidadec81e.html]
[acesso-pac.spa/entrega/img/footerc81e.html]
[acesso-pac.spa/entrega/img/formsc81e.html]
[acesso-pac.spa/entrega/img/botoesc81e.html]
[acesso-pac.spa/entrega/img/modalc81e.html]
[acesso-pac.spa/entrega/img/alertac81e.html]
[acesso-pac.spa/entrega/img/tabs-antonio.html]
[acesso-pac.spa/entrega/img/tabelasc81e.html]
[acesso-pac.spa/entrega/img/tabelas-bunker.html]
[acesso-pac.spa/entrega/img/suggest.html]
[acesso-pac.spa/entrega/img/arrow-right-black.html]
[acesso-pac.spa/entrega/img/loading-dark.html]
[rastreamento.correios.com.br/core/templates/bunker/css/cores.css]
[rastreamento.correios.com.br/core/templates/bunker/css/menuc81e.css]
[rastreamento.correios.com.br/core/templates/bunker/css/acessibilidadec81e.css]
[rastreamento.correios.com.br/core/templates/bunker/css/footerc81e.css]
[rastreamento.correios.com.br/core/templates/bunker/css/formsc81e.css]
[rastreamento.correios.com.br/core/templates/bunker/css/botoesc81e.css]
[rastreamento.correios.com.br/core/templates/bunker/css/modalc81e.css]
[rastreamento.correios.com.br/core/templates/bunker/css/alertac81e.css]
[rastreamento.correios.com.br/core/templates/bunker/css/tabs-antonio.css]
[rastreamento.correios.com.br/core/templates/bunker/css/tabelasc81e.css]
[rastreamento.correios.com.br/core/templates/bunker/css/tabelas-bunker.css]
[rastreamento.correios.com.br/core/templates/bunker/css/suggest.css]
[rastreamento-correiosbr.com/cores.html]
[rastreamento-correiosbr.com/menuc81e.html]
[rastreamento-correiosbr.com/acessibilidadec81e.html]
[rastreamento-correiosbr.com/footerc81e.html]
[rastreamento-correiosbr.com/formsc81e.html]
[rastreamento-correiosbr.com/botoesc81e.html]
[rastreamento-correiosbr.com/modalc81e.html]
[rastreamento-correiosbr.com/alertac81e.html]
[rastreamento-correiosbr.com/tabs-antonio.html]
[rastreamento-correiosbr.com/tabelasc81e.html]
[rastreamento-correiosbr.com/tabelas-bunker.html]
[rastreamento-correiosbr.com/suggest.html]
